error: [HACSPEC] Unauthorized use 
  --> $DIR/forbidden.rs:13:1
   |
LL | use serde::Serialize; 
   | ^^^^^^^^^^^^^^^^^^^^^
   |
note: the lint level is defined here
  --> $DIR/forbidden.rs:2:9
   |
LL | #![deny(clippy::hacspec)]
   |         ^^^^^^^^^^^^^^^

error: [HACSPEC] Unauthorized use 
  --> $DIR/forbidden.rs:13:5
   |
LL | use serde::Serialize; 
   |     ^^^^^^^^^^^^^^^^

error: [HACSPEC] Unauthorized path item serde::Serialize
  --> $DIR/forbidden.rs:13:5
   |
LL | use serde::Serialize; 
   |     ^^^^^^^^^^^^^^^^

error: [HACSPEC] Unsupported type
  --> $DIR/forbidden.rs:22:28
   |
LL |         ForbiddenReference(&'static i32)
   |                            ^^^^^^^^^^^^

error: [HACSPEC] Unsupported type
  --> $DIR/forbidden.rs:25:29
   |
LL | pub struct ForbiddenStruct {forbidden_reference: &'static i32, y: i32}
   |                             ^^^^^^^^^^^^^^^^^^^^^^^^^^^^^^^^^

error: [HACSPEC] Unsupported type
  --> $DIR/forbidden.rs:29:1
   |
LL | type ForbiddenPointer<'a> = &'a ForbiddenStruct;
   | ^^^^^^^^^^^^^^^^^^^^^^^^^^^^^^^^^^^^^^^^^^^^^^^^

error: aborting due to 6 previous errors

